   Compiling crypto-primitives v359.260904.0 (/private/var/folders/tf/f990vmwn0ynfcwpnzym6xlzm0000gn/T/tutabridge-patch-review-l9133v88/bridge/tuta-repo/tuta-sdk/rust/crypto-primitives)
   Compiling tuta-sdk v359.260904.0 (/private/var/folders/tf/f990vmwn0ynfcwpnzym6xlzm0000gn/T/tutabridge-patch-review-l9133v88/bridge/tuta-repo/tuta-sdk/rust/sdk)
warning: enum `BinaryBlobWrapperSerializationError` is never used
  --> tuta-repo/tuta-sdk/rust/sdk/src/blobs/binary_blob_wrapper_serializer.rs:57:10
   |
57 | pub enum BinaryBlobWrapperSerializationError {
   |          ^^^^^^^^^^^^^^^^^^^^^^^^^^^^^^^^^^^
   |
   = note: `#[warn(dead_code)]` (part of `#[warn(unused)]`) on by default

warning: hiding a lifetime that's elided elsewhere is confusing
    --> tuta-repo/tuta-sdk/rust/sdk/src/instance_mapper.rs:1291:19
     |
1291 |     fn as_unexpected(&self) -> Unexpected {
     |                      ^^^^^     ^^^^^^^^^^ the same lifetime is hidden here
     |                      |
     |                      the lifetime is elided here
     |
     = help: the same lifetime is referred to in inconsistent ways, making the signature confusing
     = note: `#[warn(mismatched_lifetime_syntaxes)]` on by default
help: use `'_` for type paths
     |
1291 |     fn as_unexpected(&self) -> Unexpected<'_> {
     |                                          ++++

warning: `tuta-sdk` (lib) generated 2 warnings (run `cargo fix --lib -p tuta-sdk` to apply 1 suggestion)
   Compiling tutabridge-tuta v0.1.0 (/private/var/folders/tf/f990vmwn0ynfcwpnzym6xlzm0000gn/T/tutabridge-patch-review-l9133v88/bridge/crates/tuta)
    Finished `test` profile [unoptimized + debuginfo] target(s) in 18.96s
     Running tests/mail_extensions.rs (/Users/anthony/GIT/tutabridge/target/debug/deps/mail_extensions-dc7aa5946e9be868)

running 12 tests
test decrypts_an_inline_mail_payload_without_rest ... ok
test protocol_accepts_valid_aead_v3_mail_subject ... ok
test empty_inline_json_object_is_a_session_key_miss ... ok
test draft_reader_rejects_received_mail_before_fetching ... ok
test rejects_malformed_inline_json ... ok
test move_empty_does_not_request_and_failure_stops_later_batches ... ok
test aead_v2_draft_body_uses_its_group_context_without_parent_session_key ... ok
test draft_body_uses_parent_mail_key_even_when_draft_has_no_key ... ok
test attachments_decrypt_and_reassemble_across_archives_and_reject_corruption ... ok
test protocol_accepts_optional_empty_body_text ... ok
test move_posts_target_and_batches_through_real_sdk_serializer ... ok
test aead_v2_mail_without_session_key_loads_through_sdk_and_inline ... ok

test result: ok. 12 passed; 0 failed; 0 ignored; 0 measured; 0 filtered out; finished in 0.11s

