warning: enum `BinaryBlobWrapperSerializationError` is never used
  --> tuta-repo/tuta-sdk/rust/sdk/src/blobs/binary_blob_wrapper_serializer.rs:57:10
   |
57 | pub enum BinaryBlobWrapperSerializationError {
   |          ^^^^^^^^^^^^^^^^^^^^^^^^^^^^^^^^^^^
   |
   = note: `#[warn(dead_code)]` (part of `#[warn(unused)]`) on by default

warning: hiding a lifetime that's elided elsewhere is confusing
    --> tuta-repo/tuta-sdk/rust/sdk/src/instance_mapper.rs:1291:19
     |
1291 |     fn as_unexpected(&self) -> Unexpected {
     |                      ^^^^^     ^^^^^^^^^^ the same lifetime is hidden here
     |                      |
     |                      the lifetime is elided here
     |
     = help: the same lifetime is referred to in inconsistent ways, making the signature confusing
     = note: `#[warn(mismatched_lifetime_syntaxes)]` on by default
help: use `'_` for type paths
     |
1291 |     fn as_unexpected(&self) -> Unexpected<'_> {
     |                                          ++++

warning: `tuta-sdk` (lib) generated 2 warnings (run `cargo fix --lib -p tuta-sdk` to apply 1 suggestion)
   Compiling tutabridge-tuta v0.1.0 (/private/var/folders/tf/f990vmwn0ynfcwpnzym6xlzm0000gn/T/tutabridge-patch-review-l9133v88/bridge/crates/tuta)
    Finished `test` profile [unoptimized + debuginfo] target(s) in 1.18s
     Running tests/mail_extensions.rs (/Users/anthony/GIT/tutabridge/target/debug/deps/mail_extensions-55dbabe450d0b11d)

running 1 test
2026-09-21T20:44:15.978Z INFO  [tutasdk] Initializing SDK...
Attempting to get base model version?  2

thread 'protocol_accepts_valid_aead_v3_mail_subject' (3682280) panicked at crates/tuta/tests/mail_extensions.rs:402:10:
valid AEAD ciphertext must be accepted by entity decoder: InternalSdkError { error_message: "MacError" }
note: run with `RUST_BACKTRACE=1` environment variable to display a backtrace
test protocol_accepts_valid_aead_v3_mail_subject ... FAILED

failures:

failures:
    protocol_accepts_valid_aead_v3_mail_subject

test result: FAILED. 0 passed; 1 failed; 0 ignored; 0 measured; 9 filtered out; finished in 0.09s

error: test failed, to rerun pass `-p tutabridge-tuta --test mail_extensions`
