warning: enum `BinaryBlobWrapperSerializationError` is never used
  --> tuta-repo/tuta-sdk/rust/sdk/src/blobs/binary_blob_wrapper_serializer.rs:57:10
   |
57 | pub enum BinaryBlobWrapperSerializationError {
   |          ^^^^^^^^^^^^^^^^^^^^^^^^^^^^^^^^^^^
   |
   = note: `#[warn(dead_code)]` (part of `#[warn(unused)]`) on by default

warning: hiding a lifetime that's elided elsewhere is confusing
    --> tuta-repo/tuta-sdk/rust/sdk/src/instance_mapper.rs:1291:19
     |
1291 |     fn as_unexpected(&self) -> Unexpected {
     |                      ^^^^^     ^^^^^^^^^^ the same lifetime is hidden here
     |                      |
     |                      the lifetime is elided here
     |
     = help: the same lifetime is referred to in inconsistent ways, making the signature confusing
     = note: `#[warn(mismatched_lifetime_syntaxes)]` on by default
help: use `'_` for type paths
     |
1291 |     fn as_unexpected(&self) -> Unexpected<'_> {
     |                                          ++++

warning: `tuta-sdk` (lib) generated 2 warnings (run `cargo fix --lib -p tuta-sdk` to apply 1 suggestion)
    Finished `test` profile [unoptimized + debuginfo] target(s) in 0.40s
     Running tests/aead_diagnostic.rs (/Users/anthony/GIT/tutabridge/target/debug/deps/aead_diagnostic-9520e684625ab607)

running 1 test
Rust decrypted 4 official TS ciphertexts
4 AEAD v2/v3 cases succeed in Rust primitives, fail as MacError in the entity decoder's legacy entry point; wrong AAD and corrupted tags rejected; legacy v1 succeeds.
test diagnose_aead_primitives_and_legacy_dispatch ... ok

test result: ok. 1 passed; 0 failed; 0 ignored; 0 measured; 0 filtered out; finished in 0.00s

