   Compiling crypto-primitives v359.260904.0 (/private/var/folders/tf/f990vmwn0ynfcwpnzym6xlzm0000gn/T/tutabridge-sdk-integrated-pk5ws8zd/runs/official-359/tutanota-release-359.260904.0/bridge/tuta-repo/tuta-sdk/rust/crypto-primitives)
   Compiling tuta-sdk v359.260904.0 (/private/var/folders/tf/f990vmwn0ynfcwpnzym6xlzm0000gn/T/tutabridge-sdk-integrated-pk5ws8zd/runs/official-359/tutanota-release-359.260904.0/bridge/tuta-repo/tuta-sdk/rust/sdk)
warning: enum `BinaryBlobWrapperSerializationError` is never used
  --> tuta-repo/tuta-sdk/rust/sdk/src/blobs/binary_blob_wrapper_serializer.rs:57:10
   |
57 | pub enum BinaryBlobWrapperSerializationError {
   |          ^^^^^^^^^^^^^^^^^^^^^^^^^^^^^^^^^^^
   |
   = note: `#[warn(dead_code)]` (part of `#[warn(unused)]`) on by default

warning: hiding a lifetime that's elided elsewhere is confusing
    --> tuta-repo/tuta-sdk/rust/sdk/src/instance_mapper.rs:1291:19
     |
1291 |     fn as_unexpected(&self) -> Unexpected {
     |                      ^^^^^     ^^^^^^^^^^ the same lifetime is hidden here
     |                      |
     |                      the lifetime is elided here
     |
     = help: the same lifetime is referred to in inconsistent ways, making the signature confusing
     = note: `#[warn(mismatched_lifetime_syntaxes)]` on by default
help: use `'_` for type paths
     |
1291 |     fn as_unexpected(&self) -> Unexpected<'_> {
     |                                          ++++

warning: `tuta-sdk` (lib) generated 2 warnings (run `cargo fix --lib -p tuta-sdk` to apply 1 suggestion)
   Compiling tutabridge-tuta v0.1.0 (/private/var/folders/tf/f990vmwn0ynfcwpnzym6xlzm0000gn/T/tutabridge-sdk-integrated-pk5ws8zd/runs/official-359/tutanota-release-359.260904.0/bridge/crates/tuta)
    Finished `test` profile [unoptimized + debuginfo] target(s) in 24.72s
     Running tests/mail_extensions.rs (/Users/anthony/GIT/tutabridge/target/debug/deps/mail_extensions-8039d841dec77d14)

running 2 tests
test protocol_accepts_valid_aead_v3_mail_subject ... FAILED
test protocol_accepts_optional_empty_body_text ... FAILED

failures:

---- protocol_accepts_valid_aead_v3_mail_subject stdout ----
2026-09-21T18:17:51.154Z INFO  [tutasdk] Initializing SDK...
Attempting to get base model version?  2

thread 'protocol_accepts_valid_aead_v3_mail_subject' (3296799) panicked at crates/tuta/tests/mail_extensions.rs:362:10:
valid AEAD ciphertext must be accepted by entity decoder: InternalSdkError { error_message: "MacError" }
note: run with `RUST_BACKTRACE=1` environment variable to display a backtrace

---- protocol_accepts_optional_empty_body_text stdout ----
2026-09-21T18:17:51.155Z INFO  [tutasdk] Initializing SDK...
Attempting to get base model version?  2
Attempting to get base model version?  2
2026-09-21T18:17:51.203Z WARN  [tutasdk::type_model_provider] Server application hash changed. Expected from previous response: . Hash from ApplicationTypesService: latest-applications-hash

thread 'protocol_accepts_optional_empty_body_text' (3296798) panicked at crates/tuta/tests/mail_extensions.rs:441:59:
called `Result::unwrap()` on an `Err` value: InternalSdkError { error_message: "InvalidDataSizeError" }


failures:
    protocol_accepts_optional_empty_body_text
    protocol_accepts_valid_aead_v3_mail_subject

test result: FAILED. 0 passed; 2 failed; 0 ignored; 0 measured; 7 filtered out; finished in 0.11s

error: test failed, to rerun pass `-p tutabridge-tuta --test mail_extensions`
COMMAND: cargo test --locked -p tutabridge-tuta --test mail_extensions protocol_ -- --ignored
